<html>
<body>
<pre>
<h1>µVision Build Log</h1>
<h2>Tool Versions:</h2>
IDE-Version: µVision V5.14.0.0
Copyright (C) 2015 ARM Ltd and ARM Germany GmbH. All rights reserved.
License Information: Corentin Normand, ENSSAT, LIC=----
 
Tool Versions:
Toolchain:       MDK-Lite  Version: 5.14.0.0
Toolchain Path:  C:\Keil_v5\ARM\ARMCC\Bin
C Compiler:      Armcc.exe V5.05 update 1 (build 106)
Assembler:       Armasm.exe V5.05 update 1 (build 106)
Linker/Locator:  ArmLink.exe V5.05 update 1 (build 106)
Library Manager: ArmAr.exe V5.05 update 1 (build 106)
Hex Converter:   FromElf.exe V5.05 update 1 (build 106)
CPU DLL:         SARMCM3.DLL V5.14.0.0
Dialog DLL:      DARMP1.DLL V1.25.0.0
Target DLL:      Segger\JL2CM3.dll V2.99.13.0
Dialog DLL:      TARMP1.DLL V1.24.0.0
 
<h2>Project:</h2>
C:\Users\Corentin\Documents\projetMicro\Telecommande\Project\Project.uvprojx
Project File Date:  04/08/2015

<h2>Output:</h2>
Rebuild target 'Open1786'
assembling startup_LPC17xx.s...
compiling system_LPC17xx.c...
compiling core_cm3.c...
compiling lpc17xx_clkpwr.c...
compiling lpc17xx_gpio.c...
compiling lpc17xx_pinsel.c...
compiling lpc17xx_timer.c...
..\Libraries\LCP1768_StdPeriph_Driver\source\lpc17xx_timer.c(115): warning:  #68-D: integer conversion resulted in a change of sign
        uint32_t tnum = -1;
..\Libraries\LCP1768_StdPeriph_Driver\source\lpc17xx_timer.c: 1 warning, 0 errors
compiling lpc17xx_uart.c...
compiling lpc17xx_exti.c...
compiling lpc17xx_pwm.c...
..\Libraries\LCP1768_StdPeriph_Driver\source\lpc17xx_pwm.c(299): warning:  #186-D: pointless comparison of unsigned integer with zero
        CHECK_PARAM(PARAM_PWM1_MATCH_CHANNEL(PWM_MatchConfigStruct->MatchChannel));
..\Libraries\LCP1768_StdPeriph_Driver\source\lpc17xx_pwm.c(429): warning:  #186-D: pointless comparison of unsigned integer with zero
        CHECK_PARAM(PARAM_PWM1_MATCH_CHANNEL(MatchChannel));
..\Libraries\LCP1768_StdPeriph_Driver\source\lpc17xx_pwm.c: 2 warnings, 0 errors
compiling lpc17xx_nvic.c...
compiling lpc17xx_adc.c...
compiling main.c...
compiling systen_delay.c...
compiling emissionIR.c...
linking...
Program Size: Code=5224 RO-data=236 RW-data=44 ZI-data=1692  
FromELF: creating hex file...
".\Output\Project.axf" - 0 Error(s), 3 Warning(s).

<h2>Collection of Component include folders:</h2>
  C:\Users\Corentin\Documents\projetMicro\Telecommande\Project\RTE
  C:\Keil_v5\ARM\PACK\Keil\LPC1700_DFP\2.0.0\Device\Include

<h2>Collection of Component Files used:</h2>
</pre>
</body>
</html>
